==== 如何回退本地的提交？ ====

<code bash>
    $ git commit ...              (1)
    $ git reset --soft 'HEAD^'    (2)
    $ edit                        (3)
    $ git add ....                (4)
    $ git commit -c ORIG_HEAD     (5)
</code>

  - This is what you want to undo
  - This is most often done when you remembered what you just committed is incomplete, or you misspelled your commit message, or both. Leaves working tree as it was before "reset". (The quotes may or may not be required in your shell)
  - Make corrections to working tree files
  - Stage changes for commit
  - reset" copies the old head to .git/ORIG_HEAD; redo the commit by starting with its log message. If you do not need to edit the message further, you can give -C option instead



==== 如何强迫保持本地master分支与远程仓库同步？ ====
  * 首先创建分支，保留当前工作状态
<code bash >
$ git commit -a -m "Saving my work, just in case"
$ git branch my-saved-work
</code>

  * 然后强制同步远端master分支；

<code bash >
$ git fetch origin
$ git reset --hard origin/master
</code>

==== 放弃最后一次提交？ ====
你做了一次提交后，你想取消刚才的提交？
<code bash>
$ git reset HEAD~
Unstaged changes after reset:
M Zeus
M Adonis
</code>

==== 放弃某一次提交？ ====
使用~符号，HEAD~1是上两次提交。

$ git reset HEAD~3

====放弃合并或者pull操作？ ====

<code bash >
$ git pull                         <1>
Auto-merging nitfol
CONFLICT (content): Merge conflict in nitfol
Automatic merge failed; fix conflicts and then commit the result.
$ git reset --hard                 <2>
$ git pull . topic/branch          <3>
Updating from 41223... to 13134...
Fast-forward
$ git reset --hard ORIG_HEAD       <4>
</code>

